PASS test/index.test.ts (11.093 s)
--------------------|---------|----------|---------|---------|-------------------
File                | % Stmts | % Branch | % Funcs | % Lines | Uncovered Line #s 
--------------------|---------|----------|---------|---------|-------------------
All files           |   67.52 |    52.12 |   90.47 |   84.61 |                   
 api                |     100 |      100 |     100 |     100 |                   
  graphqlQueries.js |     100 |      100 |     100 |     100 |                   
 utils              |   66.07 |    52.12 |      90 |   83.78 |                   
  log.js            |    86.2 |    66.66 |     100 |    86.2 | 9,21,26,40        
  utils.js          |   59.03 |    47.14 |   88.23 |   82.22 | 6,23-24,27-31     
--------------------|---------|----------|---------|---------|-------------------

Test Suites: 1 passed, 1 total
Tests:       24 passed, 24 total
Snapshots:   0 total
Time:        12.215 s
